// Jest Snapshot v1, https://goo.gl/fbAQLP

exports[`<Header /> renders correctly 1`] = `
<nav
  className="Header"
>
  <span
    className="logo"
  >
    <a
      href="/"
      onClick={[Function]}
    >
      messager.
    </a>
  </span>
  <span
    className="user-greeting"
  >
    greetings 
    !
  </span>
</nav>
`;
